🚀 Starting SaathVerse Test Suite...
Timestamp: 2026-03-10T05:47:00.584Z
✅ Connection Test Passed: Found 0 colleges
✅ All profiles have college_id assigned.
✅ All profiles have branch and year info.
✅ Startup Ideas table accessible.
ℹ️ Manual Check: Ensure 'avatars', 'carousel-images', and 'club-banners' buckets exist in Supabase Storage.

🏁 Test Suite Complete. Report saved to test-report.txt
